// Jest Snapshot v1, https://goo.gl/fbAQLP

exports[`Search component renders Search 1`] = `
<DocumentFragment>
  <form>
    <label
      for="url"
      type="text"
    />
    <input
      id="url"
      name="url"
      placeholder="url"
      value=""
    />
    <label
      for="get"
    >
      GET
    </label>
    <input
      id="get"
      name="CRUD"
      type="radio"
      value="GET"
    />
    <label
      for="post"
    >
      POST
    </label>
    <input
      id="post"
      name="CRUD"
      type="radio"
      value="POST"
    />
    <label
      for="put"
    >
      PUT
    </label>
    <input
      id="put"
      name="CRUD"
      type="radio"
      value="PUT"
    />
    <label
      for="patch"
    >
      PATCH
    </label>
    <input
      id="patch"
      name="CRUD"
      type="radio"
      value="PATCH"
    />
    <label
      for="delete"
    >
      DELETE
    </label>
    <input
      id="delete"
      name="CRUD"
      type="radio"
      value="DELETE"
    />
    <button>
      GO!
    </button>
  </form>
</DocumentFragment>
`;
